// Jest Snapshot v1, https://goo.gl/fbAQLP

exports[`Card Matches snapshot 1`] = `
<div>
  <div
    class="sc-jrQzAO jybMrK"
  >
    <div
      class="sc-furwcr sDSeG"
      src="http://example.com"
    >
      <div
        class="sc-kDTinF gSlXrc"
      />
      <div
        class="sc-kDTinF gSlXrc"
      >
        <svg
          class="sc-iqseJM cQyogo"
          fill="none"
          height="24"
          stroke="currentColor"
          stroke-linecap="round"
          stroke-linejoin="round"
          stroke-width="2"
          viewBox="0 0 24 24"
          width="24"
          xmlns="http://www.w3.org/2000/svg"
        >
          <path
            d="M20 21v-2a4 4 0 0 0-4-4H8a4 4 0 0 0-4 4v2"
          />
          <circle
            cx="12"
            cy="7"
            r="4"
          />
        </svg>
         
        2
      </div>
    </div>
    <div
      class="sc-crHmcD dHyDfz"
    >
      <div
        class="sc-egiyK dlAXrL"
      >
        <span
          class="sc-bdvvtL sc-bqiRlB vGFJi jqzReP"
        >
          Deez Nuts
           #
          5007
        </span>
        <span
          class="sc-bdvvtL sc-bqiRlB sc-hBUSln vGFJi jqzReP eZsBPs"
        >
          <img
            alt=""
            src=""
            style="height: 15px;"
          />
           
          22.00
        </span>
      </div>
      <div
        class="sc-egiyK dlAXrL"
      >
        <span
          class="sc-bdvvtL sc-ksdxgE vGFJi eKSwan"
          style="max-width: min-content; overflow: hidden;"
        >
          Lazy Bird
        </span>
        <span
          class="sc-bdvvtL sc-ksdxgE vGFJi eKSwan"
          data-testid="subtext"
        >
          Final Appraisal
        </span>
      </div>
    </div>
  </div>
</div>
`;
